[Task:Read#0] load: 1 files | sizes=900.11MB
[Task:Read#0]   - ./data/xiaozhen.ply
[Task:Read#0] counts: 3999275, SH: 3
[Task:Read#0] stored -> "cache0"
[Task:Read#0] elapsed time: 1.262s
[Task:AutoChunkLod#1] loaded -> "cache0"
[Task:AutoChunkLod#1] generate lod
[Task:AutoChunkLod#1] generate elapsed: 12.864s
[Task:AutoChunkLod#1] Total blocks: 51, files: 125
[Task:AutoChunkLod#1] Gaussian per level: 
[Task:AutoChunkLod#1] 	Level 0(100.00%): 3999275(100.00%)
[Task:AutoChunkLod#1] 	Level 1 (50.00%): 2000921 (50.03%)
[Task:AutoChunkLod#1] 	Level 2 (25.00%): 1003597 (25.09%)
[Task:AutoChunkLod#1] 	Level 3  (5.00%):  207590  (5.19%)
[Task:AutoChunkLod#1] 	Level 4  (1.00%):   58445  (1.46%)
[Task:AutoChunkLod#1] elapsed time: 12.975s
[Task:Write#2] exist dir ./out/xiaozhen, removed
[Task:Write#2] writing bundle -> dir="./out/xiaozhen" files=126
[Task:Write#2] - out\xiaozhen\lod-meta.json (1/126)
[Task:Write#2] - out\xiaozhen\chunk_0.spz (2/126)
[Task:Write#2] - out\xiaozhen\chunk_1.spz (3/126)
[Task:Write#2] - out\xiaozhen\chunk_2.spz (4/126)
[Task:Write#2] - out\xiaozhen\chunk_3.spz (5/126)
[Task:Write#2] - out\xiaozhen\chunk_4.spz (6/126)
[Task:Write#2] - out\xiaozhen\chunk_5.spz (7/126)
[Task:Write#2] - out\xiaozhen\chunk_6.spz (8/126)
[Task:Write#2] - out\xiaozhen\chunk_7.spz (9/126)
[Task:Write#2] - out\xiaozhen\chunk_8.spz (10/126)
[Task:Write#2] - out\xiaozhen\chunk_9.spz (11/126)
[Task:Write#2] - out\xiaozhen\chunk_10.spz (12/126)
[Task:Write#2] - out\xiaozhen\chunk_11.spz (13/126)
[Task:Write#2] - out\xiaozhen\chunk_12.spz (14/126)
[Task:Write#2] - out\xiaozhen\chunk_13.spz (15/126)
[Task:Write#2] - out\xiaozhen\chunk_14.spz (16/126)
[Task:Write#2] - out\xiaozhen\chunk_15.spz (17/126)
[Task:Write#2] - out\xiaozhen\chunk_16.spz (18/126)
[Task:Write#2] - out\xiaozhen\chunk_17.spz (19/126)
[Task:Write#2] - out\xiaozhen\chunk_18.spz (20/126)
[Task:Write#2] - out\xiaozhen\chunk_19.spz (21/126)
[Task:Write#2] - out\xiaozhen\chunk_20.spz (22/126)
[Task:Write#2] - out\xiaozhen\chunk_21.spz (23/126)
[Task:Write#2] - out\xiaozhen\chunk_22.spz (24/126)
[Task:Write#2] - out\xiaozhen\chunk_23.spz (25/126)
[Task:Write#2] - out\xiaozhen\chunk_24.spz (26/126)
[Task:Write#2] - out\xiaozhen\chunk_25.spz (27/126)
[Task:Write#2] - out\xiaozhen\chunk_26.spz (28/126)
[Task:Write#2] - out\xiaozhen\chunk_27.spz (29/126)
[Task:Write#2] - out\xiaozhen\chunk_28.spz (30/126)
[Task:Write#2] - out\xiaozhen\chunk_29.spz (31/126)
[Task:Write#2] - out\xiaozhen\chunk_30.spz (32/126)
[Task:Write#2] - out\xiaozhen\chunk_31.spz (33/126)
[Task:Write#2] - out\xiaozhen\chunk_32.spz (34/126)
[Task:Write#2] - out\xiaozhen\chunk_33.spz (35/126)
[Task:Write#2] - out\xiaozhen\chunk_34.spz (36/126)
[Task:Write#2] - out\xiaozhen\chunk_35.spz (37/126)
[Task:Write#2] - out\xiaozhen\chunk_36.spz (38/126)
[Task:Write#2] - out\xiaozhen\chunk_37.spz (39/126)
[Task:Write#2] - out\xiaozhen\chunk_38.spz (40/126)
[Task:Write#2] - out\xiaozhen\chunk_39.spz (41/126)
[Task:Write#2] - out\xiaozhen\chunk_40.spz (42/126)
[Task:Write#2] - out\xiaozhen\chunk_41.spz (43/126)
[Task:Write#2] - out\xiaozhen\chunk_42.spz (44/126)
[Task:Write#2] - out\xiaozhen\chunk_43.spz (45/126)
[Task:Write#2] - out\xiaozhen\chunk_44.spz (46/126)
[Task:Write#2] - out\xiaozhen\chunk_45.spz (47/126)
[Task:Write#2] - out\xiaozhen\chunk_46.spz (48/126)
[Task:Write#2] - out\xiaozhen\chunk_47.spz (49/126)
[Task:Write#2] - out\xiaozhen\chunk_48.spz (50/126)
[Task:Write#2] - out\xiaozhen\chunk_49.spz (51/126)
[Task:Write#2] - out\xiaozhen\chunk_50.spz (52/126)
[Task:Write#2] - out\xiaozhen\chunk_51.spz (53/126)
[Task:Write#2] - out\xiaozhen\chunk_52.spz (54/126)
[Task:Write#2] - out\xiaozhen\chunk_53.spz (55/126)
[Task:Write#2] - out\xiaozhen\chunk_54.spz (56/126)
[Task:Write#2] - out\xiaozhen\chunk_55.spz (57/126)
[Task:Write#2] - out\xiaozhen\chunk_56.spz (58/126)
[Task:Write#2] - out\xiaozhen\chunk_57.spz (59/126)
[Task:Write#2] - out\xiaozhen\chunk_58.spz (60/126)
[Task:Write#2] - out\xiaozhen\chunk_59.spz (61/126)
[Task:Write#2] - out\xiaozhen\chunk_60.spz (62/126)
[Task:Write#2] - out\xiaozhen\chunk_61.spz (63/126)
[Task:Write#2] - out\xiaozhen\chunk_62.spz (64/126)
[Task:Write#2] - out\xiaozhen\chunk_63.spz (65/126)
[Task:Write#2] - out\xiaozhen\chunk_64.spz (66/126)
[Task:Write#2] - out\xiaozhen\chunk_65.spz (67/126)
[Task:Write#2] - out\xiaozhen\chunk_66.spz (68/126)
[Task:Write#2] - out\xiaozhen\chunk_67.spz (69/126)
[Task:Write#2] - out\xiaozhen\chunk_68.spz (70/126)
[Task:Write#2] - out\xiaozhen\chunk_69.spz (71/126)
[Task:Write#2] - out\xiaozhen\chunk_70.spz (72/126)
[Task:Write#2] - out\xiaozhen\chunk_71.spz (73/126)
[Task:Write#2] - out\xiaozhen\chunk_72.spz (74/126)
[Task:Write#2] - out\xiaozhen\chunk_73.spz (75/126)
[Task:Write#2] - out\xiaozhen\chunk_74.spz (76/126)
[Task:Write#2] - out\xiaozhen\chunk_75.spz (77/126)
[Task:Write#2] - out\xiaozhen\chunk_76.spz (78/126)
[Task:Write#2] - out\xiaozhen\chunk_77.spz (79/126)
[Task:Write#2] - out\xiaozhen\chunk_78.spz (80/126)
[Task:Write#2] - out\xiaozhen\chunk_79.spz (81/126)
[Task:Write#2] - out\xiaozhen\chunk_80.spz (82/126)
[Task:Write#2] - out\xiaozhen\chunk_81.spz (83/126)
[Task:Write#2] - out\xiaozhen\chunk_82.spz (84/126)
[Task:Write#2] - out\xiaozhen\chunk_83.spz (85/126)
[Task:Write#2] - out\xiaozhen\chunk_84.spz (86/126)
[Task:Write#2] - out\xiaozhen\chunk_85.spz (87/126)
[Task:Write#2] - out\xiaozhen\chunk_86.spz (88/126)
[Task:Write#2] - out\xiaozhen\chunk_87.spz (89/126)
[Task:Write#2] - out\xiaozhen\chunk_88.spz (90/126)
[Task:Write#2] - out\xiaozhen\chunk_89.spz (91/126)
[Task:Write#2] - out\xiaozhen\chunk_90.spz (92/126)
[Task:Write#2] - out\xiaozhen\chunk_91.spz (93/126)
[Task:Write#2] - out\xiaozhen\chunk_92.spz (94/126)
[Task:Write#2] - out\xiaozhen\chunk_93.spz (95/126)
[Task:Write#2] - out\xiaozhen\chunk_94.spz (96/126)
[Task:Write#2] - out\xiaozhen\chunk_95.spz (97/126)
[Task:Write#2] - out\xiaozhen\chunk_96.spz (98/126)
[Task:Write#2] - out\xiaozhen\chunk_97.spz (99/126)
[Task:Write#2] - out\xiaozhen\chunk_98.spz (100/126)
[Task:Write#2] - out\xiaozhen\chunk_99.spz (101/126)
[Task:Write#2] - out\xiaozhen\chunk_100.spz (102/126)
[Task:Write#2] - out\xiaozhen\chunk_101.spz (103/126)
[Task:Write#2] - out\xiaozhen\chunk_102.spz (104/126)
[Task:Write#2] - out\xiaozhen\chunk_103.spz (105/126)
[Task:Write#2] - out\xiaozhen\chunk_104.spz (106/126)
[Task:Write#2] - out\xiaozhen\chunk_105.spz (107/126)
[Task:Write#2] - out\xiaozhen\chunk_106.spz (108/126)
[Task:Write#2] - out\xiaozhen\chunk_107.spz (109/126)
[Task:Write#2] - out\xiaozhen\chunk_108.spz (110/126)
[Task:Write#2] - out\xiaozhen\chunk_109.spz (111/126)
[Task:Write#2] - out\xiaozhen\chunk_110.spz (112/126)
[Task:Write#2] - out\xiaozhen\chunk_111.spz (113/126)
[Task:Write#2] - out\xiaozhen\chunk_112.spz (114/126)
[Task:Write#2] - out\xiaozhen\chunk_113.spz (115/126)
[Task:Write#2] - out\xiaozhen\chunk_114.spz (116/126)
[Task:Write#2] - out\xiaozhen\chunk_115.spz (117/126)
[Task:Write#2] - out\xiaozhen\chunk_116.spz (118/126)
[Task:Write#2] - out\xiaozhen\chunk_117.spz (119/126)
[Task:Write#2] - out\xiaozhen\chunk_118.spz (120/126)
[Task:Write#2] - out\xiaozhen\chunk_119.spz (121/126)
[Task:Write#2] - out\xiaozhen\chunk_120.spz (122/126)
[Task:Write#2] - out\xiaozhen\chunk_121.spz (123/126)
[Task:Write#2] - out\xiaozhen\chunk_122.spz (124/126)
[Task:Write#2] - out\xiaozhen\chunk_123.spz (125/126)
[Task:Write#2] - out\xiaozhen\chunk_124.spz (126/126)
[Task:Write#2] writing bundle done -> dir="./out/xiaozhen" files=126
[Task:Write#2] elapsed time: 3.816s
Total elapsed time: 18.053s
